before switch: Hello World
within switch: Hello World
behind switch: Hello World
